
> ambalavanan-portfolio@0.0.0 build
> vite build

[36mvite v6.4.1 [32mbuilding for production...[36m[39m
transforming...
[32mΓ£ô[39m 2188 modules transformed.
rendering chunks...
computing gzip size...
[2mdist/[22m[32mindex.html                       [39m[1m[2m  2.98 kB[22m[1m[22m[2m Γöé gzip:  1.19 kB[22m
[2mdist/[22m[35massets/index-QFeiHVOS.css        [39m[1m[2m 47.42 kB[22m[1m[22m[2m Γöé gzip:  8.38 kB[22m
[2mdist/[22m[36massets/AdminPanel-DGo-KlnA.js    [39m[1m[2m  5.76 kB[22m[1m[22m[2m Γöé gzip:  2.03 kB[22m
[2mdist/[22m[36massets/ResumeViewer-7_QoICrQ.js  [39m[1m[2m  7.65 kB[22m[1m[22m[2m Γöé gzip:  1.96 kB[22m
[2mdist/[22m[36massets/vendor-j8oNQfuw.js        [39m[1m[2m 47.87 kB[22m[1m[22m[2m Γöé gzip: 16.87 kB[22m
[2mdist/[22m[36massets/motion-py-EDsEy.js        [39m[1m[2m130.81 kB[22m[1m[22m[2m Γöé gzip: 43.51 kB[22m
[2mdist/[22m[36massets/index-n3yx8L0X.js         [39m[1m[2m265.68 kB[22m[1m[22m[2m Γöé gzip: 80.26 kB[22m
[2mdist/[22m[36massets/firebase-DD_m3bNB.js      [39m[1m[2m347.82 kB[22m[1m[22m[2m Γöé gzip: 86.95 kB[22m
[32mΓ£ô built in 6.34s[39m
